Microsoft (R) Build Engine version 16.11.6+a918ceb31 for .NET Framework
Copyright (C) Microsoft Corporation. All rights reserved.

  novacore.vcxproj -> C:\Users\ondev\Projects\Nova\build\Release\novacore.lib
  nova.vcxproj -> C:\Users\ondev\Projects\Nova\build\Release\nova.exe
